{
    "Test propr/propd using default params": {
        "content": [
            [
                [
                    {
                        "id": "treatment_mCherry_hND6_",
                        "variable": "treatment",
                        "reference": "mCherry",
                        "target": "hND6",
                        "blocking": ""
                    },
                    "treatment_mCherry_hND6_.propd.genewise.tsv:md5,63a229a7b9cd668cb53aab7241f11201"
                ]
            ],
            [
                "versions.yml:md5,f356eb5d430713b086255dfc32b5d6ee"
            ],
            "treatment_mCherry_hND6_.propd.genewise.png"
        ],
        "meta": {
            "nf-test": "0.9.2",
            "nextflow": "24.10.5"
        },
        "timestamp": "2025-06-13T15:33:30.96218"
    },
    "Test propr/propd when using Box-cox transformation": {
        "content": [
            [
                [
                    {
                        "id": "treatment_mCherry_hND6_",
                        "variable": "treatment",
                        "reference": "mCherry",
                        "target": "hND6",
                        "blocking": ""
                    },
                    "treatment_mCherry_hND6_.propd.genewise.tsv:md5,4c2cb6f28c1ceec8072075c0f74b2355"
                ]
            ],
            [
                "versions.yml:md5,f356eb5d430713b086255dfc32b5d6ee"
            ],
            "treatment_mCherry_hND6_.propd.genewise.png"
        ],
        "meta": {
            "nf-test": "0.9.2",
            "nextflow": "24.10.5"
        },
        "timestamp": "2025-06-13T15:34:30.344106"
    },
    "Test propr/propd when using permutation tests": {
        "content": [
            [
                [
                    {
                        "id": "treatment_mCherry_hND6_",
                        "variable": "treatment",
                        "reference": "mCherry",
                        "target": "hND6",
                        "blocking": ""
                    },
                    "treatment_mCherry_hND6_.propd.genewise.tsv:md5,63a229a7b9cd668cb53aab7241f11201"
                ]
            ],
            [
                [
                    {
                        "id": "treatment_mCherry_hND6_",
                        "variable": "treatment",
                        "reference": "mCherry",
                        "target": "hND6",
                        "blocking": ""
                    },
                    "treatment_mCherry_hND6_.propd.fdr.tsv:md5,9c7011afa34a2ce7e33da9a6a6820c7e"
                ]
            ],
            [
                "versions.yml:md5,f356eb5d430713b086255dfc32b5d6ee"
            ],
            "treatment_mCherry_hND6_.propd.genewise.png"
        ],
        "meta": {
            "nf-test": "0.9.2",
            "nextflow": "24.10.5"
        },
        "timestamp": "2025-06-13T15:35:37.971999"
    },
    "Test propr/propd when saving all outputs": {
        "content": [
            [
                [
                    {
                        "id": "treatment_mCherry_hND6_",
                        "variable": "treatment",
                        "reference": "mCherry",
                        "target": "hND6",
                        "blocking": ""
                    },
                    "treatment_mCherry_hND6_.propd.genewise.tsv:md5,63a229a7b9cd668cb53aab7241f11201"
                ]
            ],
            [
                [
                    {
                        "id": "treatment_mCherry_hND6_",
                        "variable": "treatment",
                        "reference": "mCherry",
                        "target": "hND6",
                        "blocking": ""
                    },
                    "treatment_mCherry_hND6_.propd.pairwise.tsv:md5,ff79479ea826c54aa178b0376784cbf1"
                ]
            ],
            [
                [
                    {
                        "id": "treatment_mCherry_hND6_",
                        "variable": "treatment",
                        "reference": "mCherry",
                        "target": "hND6",
                        "blocking": ""
                    },
                    "treatment_mCherry_hND6_.propd.pairwise_filtered.tsv:md5,9473f045ca1acfe1f9d6138528f743d1"
                ]
            ],
            null,
            [
                "versions.yml:md5,f356eb5d430713b086255dfc32b5d6ee"
            ],
            "treatment_mCherry_hND6_.propd.genewise.png",
            "treatment_mCherry_hND6_.propd.rds"
        ],
        "meta": {
            "nf-test": "0.9.2",
            "nextflow": "24.10.5"
        },
        "timestamp": "2025-06-13T15:33:59.3825"
    }
}